21:04:30 **** Incremental Build of configuration Debug for project Chapter1 ****
make -j8 all 
arm-none-eabi-gcc "../Core/Src/main.c" -mcpu=cortex-m3 -std=gnu11 -g3 -DDEBUG -DUSE_HAL_DRIVER -DSTM32F103x6 -c -I../Core/Inc -I../Drivers/STM32F1xx_HAL_Driver/Inc -I../Drivers/STM32F1xx_HAL_Driver/Inc/Legacy -I../Drivers/CMSIS/Device/ST/STM32F1xx/Include -I../Drivers/CMSIS/Include -O0 -ffunction-sections -fdata-sections -Wall -fstack-usage -MMD -MP -MF"Core/Src/main.d" -MT"Core/Src/main.o" --specs=nano.specs -mfloat-abi=soft -mthumb -o "Core/Src/main.o"
arm-none-eabi-gcc -o "Chapter1.elf" @"objects.list"   -mcpu=cortex-m3 -T"D:\X_network\fhdtrung\hcmut\Bai_hoc_DH\MicrocontrolerMicroprocessor\MicrocontrollerLab\Chapter1-LedAnimation\STM32f103C6\Chapter1\STM32F103C6TX_FLASH.ld" --specs=nosys.specs -Wl,-Map="Chapter1.map" -Wl,--gc-sections -static --specs=nano.specs -mfloat-abi=soft -mthumb -Wl,--start-group -lc -lm -Wl,--end-group
Finished building target: Chapter1.elf
 
arm-none-eabi-size   Chapter1.elf 
arm-none-eabi-objdump -h -S  Chapter1.elf  > "Chapter1.list"
arm-none-eabi-objcopy  -O ihex  Chapter1.elf  "Chapter1.hex"
arm-none-eabi-objcopy  -O binary  Chapter1.elf  "Chapter1.bin"
   text	   data	    bss	    dec	    hex	filename
   4596	     20	   1572	   6188	   182c	Chapter1.elf
Finished building: default.size.stdout
 
Finished building: Chapter1.hex
Finished building: Chapter1.bin
 
 
Finished building: Chapter1.list
 
